// Jest Snapshot v1, https://goo.gl/fbAQLP

exports[`Should render correct children 1`] = `<div />`;
