// Jest Snapshot v1, https://goo.gl/fbAQLP

exports[`Should render correct withActiveMainPlayer 1`] = `<div />`;
