// Jest Snapshot v1, https://goo.gl/fbAQLP

exports[`Should render correct withActiveCard 1`] = `<div />`;
