// Jest Snapshot v1, https://goo.gl/fbAQLP

exports[`Should render correct LoadingPage 1`] = `
<section
  style={
    Object {
      "alignItems": "center",
      "backgroundImage": "linear-gradient(-180deg,#180202 0,#000 100%)",
      "display": "flex",
      "height": "100vh",
      "justifyContent": "center",
      "left": "0",
      "position": "absolute",
      "top": "0",
      "width": "100%",
    }
  }
>
  <p
    style={
      Object {
        "color": "#ffffff",
        "fontSize": "100px",
      }
    }
  >
    Loading...
  </p>
</section>
`;
