// Jest Snapshot v1, https://goo.gl/fbAQLP

exports[`Should render correct HeaderUserBlock 1`] = `
<div
  className="user-block"
  onClick={[Function]}
>
  <div
    className="user-block__avatar"
  >
    <img
      alt="User avatar"
      height="63"
      src=""
      width="63"
    />
  </div>
</div>
`;

exports[`Should render correct HeaderUserBlock with sign in 1`] = `
<div
  className="user-block"
  onClick={[Function]}
>
  <div
    className="user-block"
  >
    <a
      className="user-block__link"
      href="#"
    >
      Sign in
    </a>
  </div>
</div>
`;
