// Jest Snapshot v1, https://goo.gl/fbAQLP

exports[`Should render Details 1`] = `
<div
  className="movie-card__text movie-card__row"
>
  <div
    className="movie-card__text-col"
  >
    <p
      className="movie-card__details-item"
    >
      <strong
        className="movie-card__details-name"
      >
        Director
      </strong>
      <span
        className="movie-card__details-value"
      >
        Wes Andreson
      </span>
    </p>
    <p
      className="movie-card__details-item"
    >
      <strong
        className="movie-card__details-name"
      >
        Starring
      </strong>
      <span
        className="movie-card__details-value"
      >
        Bill Murray
        , 
         
        <br />
        Edward Norton
        , 
         
        <br />
        Jude Law
        , 
         
        <br />
        Willem Dafoe
        , 
         
        <br />
        Saoirse Ronan
        
         
        
      </span>
    </p>
  </div>
  <div
    className="movie-card__text-col"
  >
    <p
      className="movie-card__details-item"
    >
      <strong
        className="movie-card__details-name"
      >
        Run Time
      </strong>
      <span
        className="movie-card__details-value"
      >
        1h 39m
      </span>
    </p>
    <p
      className="movie-card__details-item"
    >
      <strong
        className="movie-card__details-name"
      >
        Genre
      </strong>
      <span
        className="movie-card__details-value"
      >
        Comedy
      </span>
    </p>
    <p
      className="movie-card__details-item"
    >
      <strong
        className="movie-card__details-name"
      >
        Released
      </strong>
      <span
        className="movie-card__details-value"
      >
        2014
      </span>
    </p>
  </div>
</div>
`;

exports[`Should render Overview 1`] = `
Array [
  <div
    className="movie-rating"
  >
    <div
      className="movie-rating__score"
    >
      8,9
    </div>
    <p
      className="movie-rating__meta"
    >
      <span
        className="movie-rating__level"
      >
        Very good
      </span>
      <span
        className="movie-rating__count"
      >
        240
         ratings
      </span>
    </p>
  </div>,
  <div
    className="movie-card__text"
  >
    <p>
      In the 1930s, the Grand Budapest Hotel is a popular European ski resort, presided over by concierge Gustave H. (Ralph Fiennes). Zero, a junior lobby boy, becomes Gustave's friend and protege.
    </p>
    <p
      className="movie-card__director"
    >
      <strong>
        Director: 
        Wes Andreson
      </strong>
    </p>
    <p
      className="movie-card__starring"
    >
      <strong>
        Starring: 
        Bill Murray, Edward Norton, Jude Law, Willem Daf and other
      </strong>
    </p>
  </div>,
]
`;

exports[`Should render Reviews 1`] = `
<div
  className="movie-card__reviews movie-card__row"
>
  <div
    className="movie-card__reviews-col"
  >
    <div
      className="review"
    >
      <blockquote
        className="review__quote"
      >
        <p
          className="review__text"
        >
          Lorem ipsum dolor sit amet
        </p>
        <footer
          className="review__details"
        >
          <cite
            className="review__author"
          >
            Kate Muir
          </cite>
          <time
            className="review__date"
            dateTime="2019-05-08T14:13:56.569Z"
          >
            May
             
            8
            , 
            2019
          </time>
        </footer>
      </blockquote>
      <div
        className="review__rating"
      >
        8,9
      </div>
    </div>
    <div
      className="review"
    >
      <blockquote
        className="review__quote"
      >
        <p
          className="review__text"
        >
          Lorem ipsum dolor sit amet
        </p>
        <footer
          className="review__details"
        >
          <cite
            className="review__author"
          >
            Kate Muir
          </cite>
          <time
            className="review__date"
            dateTime="2019-05-08T14:13:56.569Z"
          >
            May
             
            8
            , 
            2019
          </time>
        </footer>
      </blockquote>
      <div
        className="review__rating"
      >
        8,9
      </div>
    </div>
  </div>
  <div
    className="movie-card__reviews-col"
  >
    <div
      className="review"
    >
      <blockquote
        className="review__quote"
      >
        <p
          className="review__text"
        >
          Lorem ipsum dolor sit amet
        </p>
        <footer
          className="review__details"
        >
          <cite
            className="review__author"
          >
            Kate Muir
          </cite>
          <time
            className="review__date"
            dateTime="2019-05-08T14:13:56.569Z"
          >
            May
             
            8
            , 
            2019
          </time>
        </footer>
      </blockquote>
      <div
        className="review__rating"
      >
        8,9
      </div>
    </div>
    <div
      className="review"
    >
      <blockquote
        className="review__quote"
      >
        <p
          className="review__text"
        >
          Lorem ipsum dolor sit amet
        </p>
        <footer
          className="review__details"
        >
          <cite
            className="review__author"
          >
            Kate Muir
          </cite>
          <time
            className="review__date"
            dateTime="2019-05-08T14:13:56.569Z"
          >
            May
             
            8
            , 
            2019
          </time>
        </footer>
      </blockquote>
      <div
        className="review__rating"
      >
        8,9
      </div>
    </div>
  </div>
</div>
`;

exports[`Should render nothing 1`] = `null`;
