// Jest Snapshot v1, https://goo.gl/fbAQLP

exports[`Should render correct withLoading 1`] = `<div />`;
