// Jest Snapshot v1, https://goo.gl/fbAQLP

exports[`Should render correct withVideoPlayer 1`] = `<div />`;
