// Jest Snapshot v1, https://goo.gl/fbAQLP

exports[`Should render correct AddReviewHeading 1`] = `
<h1
  className="visually-hidden"
>
  WTW
</h1>
`;
