// Jest Snapshot v1, https://goo.gl/fbAQLP

exports[`Should render correct withActiveReviewForm 1`] = `<div />`;
